MPLINK 4.49, Linker
Linker Map File - Created Mon Dec 26 17:42:39 2022

                                 Section Info
                  Section       Type    Address   Location Size(Bytes)
                ---------  ---------  ---------  ---------  ---------
                   .org_0       code   0x000000    program   0x000030



                              Program Memory Usage 
                               Start         End      
                           ---------   ---------      
                            0x000000    0x000017      
            24 out of 517 program addresses used, program memory utilization is 4%



                              Symbols - Sorted by Name
                     Name    Address   Location    Storage File                     
                ---------  ---------  ---------  --------- ---------                
                delay_1ms   0x000006    program     static C:\Users\Fozze\Desktop\picprogrammer\picp\example\example.asm
           delay_1ms_loop   0x000008    program     static C:\Users\Fozze\Desktop\picprogrammer\picp\example\example.asm
              delay_250ms   0x00000c    program     static C:\Users\Fozze\Desktop\picprogrammer\picp\example\example.asm
         delay_250ms_loop   0x00000e    program     static C:\Users\Fozze\Desktop\picprogrammer\picp\example\example.asm
                main_loop   0x000012    program     static C:\Users\Fozze\Desktop\picprogrammer\picp\example\example.asm



                              Symbols - Sorted by Address
                     Name    Address   Location    Storage File                     
                ---------  ---------  ---------  --------- ---------                
                delay_1ms   0x000006    program     static C:\Users\Fozze\Desktop\picprogrammer\picp\example\example.asm
           delay_1ms_loop   0x000008    program     static C:\Users\Fozze\Desktop\picprogrammer\picp\example\example.asm
              delay_250ms   0x00000c    program     static C:\Users\Fozze\Desktop\picprogrammer\picp\example\example.asm
         delay_250ms_loop   0x00000e    program     static C:\Users\Fozze\Desktop\picprogrammer\picp\example\example.asm
                main_loop   0x000012    program     static C:\Users\Fozze\Desktop\picprogrammer\picp\example\example.asm


